<html>
<body>
<pre>
<h1>µVision Build Log</h1>
<h2>Tool Versions:</h2>
IDE-Version: ÂµVision V5.29.0.0
Copyright (C) 2019 ARM Ltd and ARM Germany GmbH. All rights reserved.
License Information: raz schnarch, own, LIC=----
 
Tool Versions:
Toolchain:       MDK-Lite  Version: 5.29.0.0
Toolchain Path:  C:\Keil_v5\ARM\ARMCC\Bin
C Compiler:      Armcc.exe V5.06 update 6 (build 750)
Assembler:       Armasm.exe V5.06 update 6 (build 750)
Linker/Locator:  ArmLink.exe V5.06 update 6 (build 750)
Library Manager: ArmAr.exe V5.06 update 6 (build 750)
Hex Converter:   FromElf.exe V5.06 update 6 (build 750)
CPU DLL:         SARMCM3.DLL V5.29.0.0
Dialog DLL:      DCM.DLL V1.17.3.0
Target DLL:      STLink\ST-LINKIII-KEIL_SWO.dll V3.0.7.0
Dialog DLL:      TCM.DLL V1.36.5.0
 
<h2>Project:</h2>
C:\Users\Raz\Desktop\what\lab3\lab3dabest\MDK-ARM\lab3ro.uvprojx
Project File Date:  04/26/2020

<h2>Output:</h2>
*** Using Compiler 'V5.06 update 6 (build 750)', folder: 'C:\Keil_v5\ARM\ARMCC\Bin'
Build target 'lab3ro'
compiling main.c...
../Src/main.c(175): warning:  #177-D: variable "flagfix2"  was declared but never referenced
  	static int flagfix2 =0;
../Src/main.c(176): warning:  #177-D: variable "flagfix3"  was declared but never referenced
  	static int flagfix3 =0;
../Src/main.c(74): warning:  #550-D: variable "spysky"  was set but never used
  static int32_t spysky =0;
../Src/main.c(76): warning:  #177-D: variable "pr_clock_val"  was declared but never referenced
  static uint8_t pr_clock_val=0;
../Src/main.c(77): warning:  #177-D: variable "p_clock_val"  was declared but never referenced
  static uint8_t p_clock_val = 0; 
../Src/main.c(78): warning:  #177-D: variable "Rx_value"  was declared but never referenced
  static uint32_t Rx_value = 0;
../Src/main.c(79): warning:  #177-D: variable "Tx_value"  was declared but never referenced
  static uint32_t Tx_value = 0;
../Src/main.c(80): warning:  #177-D: variable "Rx_clock_value"  was declared but never referenced
  static uint8_t Rx_clock_value ;
../Src/main.c(81): warning:  #177-D: variable "Tx_clock_value"  was declared but never referenced
  static uint8_t Tx_clock_value ;
../Src/main.c(82): warning:  #177-D: variable "t_data"  was declared but never referenced
  static uint16_t t_data =0;
../Src/main.c(92): warning:  #177-D: variable "odr_temp"  was declared but never referenced
  static uint16_t odr_temp=0;
../Src/main.c(93): warning:  #177-D: variable "tempi"  was declared but never referenced
  static uint32_t tempi = 0;
../Src/main.c(94): warning:  #177-D: variable "tempi2"  was declared but never referenced
  static uint32_t tempi2 = 0;
../Src/main.c: 13 warnings, 0 errors
linking...
Program Size: Code=7164 RO-data=292 RW-data=120 ZI-data=1264  
FromELF: creating hex file...
"lab3ro\lab3ro.axf" - 0 Error(s), 13 Warning(s).

<h2>Software Packages used:</h2>

Package Vendor: ARM
                http://www.keil.com/pack/ARM.CMSIS.5.6.0.pack
                ARM.CMSIS.5.6.0
                CMSIS (Cortex Microcontroller Software Interface Standard)
   * Component: CORE Version: 5.3.0

Package Vendor: Keil
                http://www.keil.com/pack/Keil.STM32F1xx_DFP.2.2.0.pack
                Keil.STM32F1xx_DFP.2.2.0
                STMicroelectronics STM32F1 Series Device Support, Drivers and Examples

<h2>Collection of Component include folders:</h2>
  .\RTE\_lab3ro
  C:\Users\Raz\AppData\Local\Arm\Packs\ARM\CMSIS\5.6.0\CMSIS\Core\Include
  C:\Users\Raz\AppData\Local\Arm\Packs\Keil\STM32F1xx_DFP\2.2.0\Device\Include

<h2>Collection of Component Files used:</h2>

   * Component: ARM::CMSIS:CORE:5.3.0
Build Time Elapsed:  00:00:05
</pre>
</body>
</html>
